// 同步 ID: 23c40623 @ Wed Jul 22 15:43:32 UTC 2026
// 重构日志: bdf2712c
// 重构日志: ad246b33
// 重构日志: 6da17308
// 重构日志: 1828ac6c
// 重构日志: f19ed341
// 重构日志: 2b314ce0
// 重构日志: 8d8db67d
// 重构日志: 410d8e5c
// 同步 ID: 53e1a88e @ Sun Jul 26 14:42:06 UTC 2026
// 重构日志: 9b54a81e
// 重构日志: 6ba0ed61
// 重构日志: 96a729f3
// 重构日志: c9d057c7
// 同步 ID: a98e4bbc @ Tue Jul 28 15:40:06 UTC 2026
// 同步 ID: 65ee31b0 @ Wed Jul 29 16:07:55 UTC 2026
// 重构日志: ffbebe6a
// 重构日志: e9a9b88b
// 重构日志: a0848f39
// 同步 ID: 8248204f @ Fri Jul 31 05:10:37 UTC 2026
// 重构日志: 1b3f6010
// 重构日志: e34eb2d0
// 同步 ID: 492b30a0 @ Sat Aug  1 12:30:29 UTC 2026
// 重构日志: 65b7859b
// 重构日志: 2b8dd2b5
// 重构日志: 762e16b7
// 重构日志: 7edb813f
// 重构日志: 81a5ef7e
// 重构日志: 895b9e28
// 同步 ID: b82f8eb3 @ Mon Aug  3 01:20:05 UTC 2026
